// Jest Snapshot v1, https://goo.gl/fbAQLP

exports[`Renders correctly Navbar Component  1`] = `
<section
  className="header"
>
  <div>
    <h1>
      Math Magicians
    </h1>
  </div>
  <nav
    className="navBar"
  >
    <ul
      className="menu"
    >
      <li>
        <a
          aria-current="page"
          className="active"
          href="/"
          onClick={[Function]}
        >
          Home
        </a>
      </li>
      <li>
        <a
          className=""
          href="/calculator"
          onClick={[Function]}
        >
          Calculator
        </a>
      </li>
      <li>
        <a
          className=""
          href="/quote"
          onClick={[Function]}
        >
          Quote
        </a>
      </li>
    </ul>
  </nav>
</section>
`;
